ARM GAS  C:\Users\parni\AppData\Local\Temp\cclcEbp1.s 			page 1


   1              		.cpu cortex-m4
   2              		.arch armv7e-m
   3              		.fpu fpv4-sp-d16
   4              		.eabi_attribute 27, 1
   5              		.eabi_attribute 28, 1
   6              		.eabi_attribute 20, 1
   7              		.eabi_attribute 21, 1
   8              		.eabi_attribute 23, 3
   9              		.eabi_attribute 24, 1
  10              		.eabi_attribute 25, 1
  11              		.eabi_attribute 26, 1
  12              		.eabi_attribute 30, 1
  13              		.eabi_attribute 34, 1
  14              		.eabi_attribute 18, 4
  15              		.file	"main.c"
  16              		.text
  17              	.Ltext0:
  18              		.cfi_sections	.debug_frame
  19              		.file 1 "Core/Src/main.c"
  20              		.section	.text.main,"ax",%progbits
  21              		.align	1
  22              		.global	main
  23              		.syntax unified
  24              		.thumb
  25              		.thumb_func
  27              	main:
  28              	.LFB130:
   1:Core/Src/main.c **** #include "init.h" // Подключаем заголовочный файл с объявления
   2:Core/Src/main.c **** #include "utils.h"
   3:Core/Src/main.c **** #include "mpu_i2c.h"
   4:Core/Src/main.c **** 
   5:Core/Src/main.c **** #define WHO_AM_I_REG 0x75
   6:Core/Src/main.c **** 
   7:Core/Src/main.c **** uint8_t pwm_state_pa8 = 0;
   8:Core/Src/main.c **** uint8_t pwm_state_pa9 = 0;
   9:Core/Src/main.c **** volatile uint16_t left_encoder_ticks = 0;
  10:Core/Src/main.c **** volatile uint16_t right_encoder_ticks = 0;
  11:Core/Src/main.c **** uint32_t left_delay_counter = 0;
  12:Core/Src/main.c **** uint32_t right_delay_counter = 0;
  13:Core/Src/main.c **** volatile uint32_t sys_tick = 0;
  14:Core/Src/main.c **** 
  15:Core/Src/main.c **** uint16_t button_delay_counter = 0;
  16:Core/Src/main.c **** volatile bool status_button = 0;
  17:Core/Src/main.c **** 
  18:Core/Src/main.c **** 
  19:Core/Src/main.c **** 
  20:Core/Src/main.c **** int main(void)
  21:Core/Src/main.c **** {
  29              		.loc 1 21 1 view -0
  30              		.cfi_startproc
  31              		@ Volatile: function does not return.
  32              		@ args = 0, pretend = 0, frame = 0
  33              		@ frame_needed = 0, uses_anonymous_args = 0
  34 0000 08B5     		push	{r3, lr}
  35              	.LCFI0:
  36              		.cfi_def_cfa_offset 8
  37              		.cfi_offset 3, -8
ARM GAS  C:\Users\parni\AppData\Local\Temp\cclcEbp1.s 			page 2


  38              		.cfi_offset 14, -4
  22:Core/Src/main.c **** 
  23:Core/Src/main.c ****     RCC_Init();
  39              		.loc 1 23 5 view .LVU1
  40 0002 FFF7FEFF 		bl	RCC_Init
  41              	.LVL0:
  24:Core/Src/main.c ****     GPIO_Init_Ports();
  42              		.loc 1 24 5 view .LVU2
  43 0006 FFF7FEFF 		bl	GPIO_Init_Ports
  44              	.LVL1:
  25:Core/Src/main.c ****     SysTick_Init();
  45              		.loc 1 25 5 view .LVU3
  46 000a FFF7FEFF 		bl	SysTick_Init
  47              	.LVL2:
  26:Core/Src/main.c ****     TIM1_PWM_Init();
  48              		.loc 1 26 5 view .LVU4
  49 000e FFF7FEFF 		bl	TIM1_PWM_Init
  50              	.LVL3:
  27:Core/Src/main.c ****     ITR_Init();
  51              		.loc 1 27 5 view .LVU5
  52 0012 FFF7FEFF 		bl	ITR_Init
  53              	.LVL4:
  28:Core/Src/main.c ****     I2C_Init_HW();
  54              		.loc 1 28 5 view .LVU6
  55 0016 FFF7FEFF 		bl	I2C_Init_HW
  56              	.LVL5:
  29:Core/Src/main.c **** 
  30:Core/Src/main.c ****     MPU_Calibrate();
  57              		.loc 1 30 5 view .LVU7
  58 001a FFF7FEFF 		bl	MPU_Calibrate
  59              	.LVL6:
  60              	.L2:
  31:Core/Src/main.c **** 
  32:Core/Src/main.c ****     while (1)
  61              		.loc 1 32 5 view .LVU8
  33:Core/Src/main.c ****     {
  34:Core/Src/main.c ****         if (status_button)
  62              		.loc 1 34 9 view .LVU9
  63              		.loc 1 34 13 is_stmt 0 view .LVU10
  64 001e 074B     		ldr	r3, .L5
  65 0020 1B78     		ldrb	r3, [r3]	@ zero_extendqisi2
  66              		.loc 1 34 12 view .LVU11
  67 0022 002B     		cmp	r3, #0
  68 0024 FBD0     		beq	.L2
  35:Core/Src/main.c ****         {
  36:Core/Src/main.c ****             delay_ms(1000);
  69              		.loc 1 36 13 is_stmt 1 view .LVU12
  70 0026 4FF47A70 		mov	r0, #1000
  71 002a FFF7FEFF 		bl	delay_ms
  72              	.LVL7:
  37:Core/Src/main.c ****             Traject();
  73              		.loc 1 37 13 view .LVU13
  74 002e FFF7FEFF 		bl	Traject
  75              	.LVL8:
  38:Core/Src/main.c ****             status_button = 0;
  76              		.loc 1 38 13 view .LVU14
  77              		.loc 1 38 27 is_stmt 0 view .LVU15
ARM GAS  C:\Users\parni\AppData\Local\Temp\cclcEbp1.s 			page 3


  78 0032 024B     		ldr	r3, .L5
  79 0034 0022     		movs	r2, #0
  80 0036 1A70     		strb	r2, [r3]
  81 0038 F1E7     		b	.L2
  82              	.L6:
  83 003a 00BF     		.align	2
  84              	.L5:
  85 003c 00000000 		.word	status_button
  86              		.cfi_endproc
  87              	.LFE130:
  89              		.global	status_button
  90              		.section	.bss.status_button,"aw",%nobits
  93              	status_button:
  94 0000 00       		.space	1
  95              		.global	button_delay_counter
  96              		.section	.bss.button_delay_counter,"aw",%nobits
  97              		.align	1
 100              	button_delay_counter:
 101 0000 0000     		.space	2
 102              		.global	sys_tick
 103              		.section	.bss.sys_tick,"aw",%nobits
 104              		.align	2
 107              	sys_tick:
 108 0000 00000000 		.space	4
 109              		.global	right_delay_counter
 110              		.section	.bss.right_delay_counter,"aw",%nobits
 111              		.align	2
 114              	right_delay_counter:
 115 0000 00000000 		.space	4
 116              		.global	left_delay_counter
 117              		.section	.bss.left_delay_counter,"aw",%nobits
 118              		.align	2
 121              	left_delay_counter:
 122 0000 00000000 		.space	4
 123              		.global	right_encoder_ticks
 124              		.section	.bss.right_encoder_ticks,"aw",%nobits
 125              		.align	1
 128              	right_encoder_ticks:
 129 0000 0000     		.space	2
 130              		.global	left_encoder_ticks
 131              		.section	.bss.left_encoder_ticks,"aw",%nobits
 132              		.align	1
 135              	left_encoder_ticks:
 136 0000 0000     		.space	2
 137              		.global	pwm_state_pa9
 138              		.section	.bss.pwm_state_pa9,"aw",%nobits
 141              	pwm_state_pa9:
 142 0000 00       		.space	1
 143              		.global	pwm_state_pa8
 144              		.section	.bss.pwm_state_pa8,"aw",%nobits
 147              	pwm_state_pa8:
 148 0000 00       		.space	1
 149              		.text
 150              	.Letext0:
 151              		.file 2 "C:/SysGCC/arm-eabi/arm-none-eabi/include/machine/_default_types.h"
 152              		.file 3 "C:/SysGCC/arm-eabi/arm-none-eabi/include/sys/_stdint.h"
 153              		.file 4 "Core/Inc/it_handlers.h"
ARM GAS  C:\Users\parni\AppData\Local\Temp\cclcEbp1.s 			page 4


 154              		.file 5 "Core/Inc/mpu_i2c.h"
 155              		.file 6 "Core/Inc/init.h"
 156              		.file 7 "Core/Inc/utils.h"
ARM GAS  C:\Users\parni\AppData\Local\Temp\cclcEbp1.s 			page 5


DEFINED SYMBOLS
                            *ABS*:00000000 main.c
C:\Users\parni\AppData\Local\Temp\cclcEbp1.s:21     .text.main:00000000 $t
C:\Users\parni\AppData\Local\Temp\cclcEbp1.s:27     .text.main:00000000 main
C:\Users\parni\AppData\Local\Temp\cclcEbp1.s:85     .text.main:0000003c $d
C:\Users\parni\AppData\Local\Temp\cclcEbp1.s:93     .bss.status_button:00000000 status_button
C:\Users\parni\AppData\Local\Temp\cclcEbp1.s:94     .bss.status_button:00000000 $d
C:\Users\parni\AppData\Local\Temp\cclcEbp1.s:100    .bss.button_delay_counter:00000000 button_delay_counter
C:\Users\parni\AppData\Local\Temp\cclcEbp1.s:97     .bss.button_delay_counter:00000000 $d
C:\Users\parni\AppData\Local\Temp\cclcEbp1.s:107    .bss.sys_tick:00000000 sys_tick
C:\Users\parni\AppData\Local\Temp\cclcEbp1.s:104    .bss.sys_tick:00000000 $d
C:\Users\parni\AppData\Local\Temp\cclcEbp1.s:114    .bss.right_delay_counter:00000000 right_delay_counter
C:\Users\parni\AppData\Local\Temp\cclcEbp1.s:111    .bss.right_delay_counter:00000000 $d
C:\Users\parni\AppData\Local\Temp\cclcEbp1.s:121    .bss.left_delay_counter:00000000 left_delay_counter
C:\Users\parni\AppData\Local\Temp\cclcEbp1.s:118    .bss.left_delay_counter:00000000 $d
C:\Users\parni\AppData\Local\Temp\cclcEbp1.s:128    .bss.right_encoder_ticks:00000000 right_encoder_ticks
C:\Users\parni\AppData\Local\Temp\cclcEbp1.s:125    .bss.right_encoder_ticks:00000000 $d
C:\Users\parni\AppData\Local\Temp\cclcEbp1.s:135    .bss.left_encoder_ticks:00000000 left_encoder_ticks
C:\Users\parni\AppData\Local\Temp\cclcEbp1.s:132    .bss.left_encoder_ticks:00000000 $d
C:\Users\parni\AppData\Local\Temp\cclcEbp1.s:141    .bss.pwm_state_pa9:00000000 pwm_state_pa9
C:\Users\parni\AppData\Local\Temp\cclcEbp1.s:142    .bss.pwm_state_pa9:00000000 $d
C:\Users\parni\AppData\Local\Temp\cclcEbp1.s:147    .bss.pwm_state_pa8:00000000 pwm_state_pa8
C:\Users\parni\AppData\Local\Temp\cclcEbp1.s:148    .bss.pwm_state_pa8:00000000 $d

UNDEFINED SYMBOLS
RCC_Init
GPIO_Init_Ports
SysTick_Init
TIM1_PWM_Init
ITR_Init
I2C_Init_HW
MPU_Calibrate
delay_ms
Traject
